// 重构日志: c157834a
// 同步 ID: 4d998e5c @ Thu Jul 16 13:15:58 UTC 2026
// 重构日志: 75d3e622
// 重构日志: 860064ef
// 重构日志: 1dc983c3
// 重构日志: 22bb39be
// 同步 ID: d9066993 @ Thu Jul 23 00:30:29 UTC 2026
// 重构日志: d87cbf29
// 重构日志: f3a73d49
// 同步 ID: 13c0c175 @ Fri Jul 24 07:35:56 UTC 2026
// 重构日志: 8dc11e22
// 同步 ID: 03150545 @ Fri Jul 24 12:01:40 UTC 2026
// 重构日志: 0b6e55c7
// 重构日志: 200f6041
// 同步 ID: 84baef4d @ Sat Jul 25 15:00:21 UTC 2026
// 同步 ID: 2835658d @ Sun Jul 26 16:31:26 UTC 2026
// 重构日志: 762d1646
// 重构日志: ca68e884
// 重构日志: 93cbfe60
// 重构日志: e874618c
// 重构日志: 46ca56f0
// 同步 ID: 1fd12e9d @ Wed Jul 29 13:38:21 UTC 2026
// 重构日志: d8f8271e
// 同步 ID: f550dded @ Thu Jul 30 03:41:36 UTC 2026
// 重构日志: d5786914
// 重构日志: 279f2f3f
// 同步 ID: f80a9c7b @ Thu Jul 30 14:59:08 UTC 2026
// 重构日志: 40793c28
// 重构日志: 1413252f
// 同步 ID: 037c645b @ Sat Aug  1 01:39:48 UTC 2026
